program SimpleInterface;

interface

uses
  System.Classes;

type
  ICalculator = interface
    ['{12345678-1234-1234-1234-123456789ABC}']

    function Add(A, B: Integer): Integer;
    function Multiply(A, B: Integer): Integer;
  end;

  TBasicCalculator = class(TInterfacedObject, ICalculator)
  public
    function Add(A, B: Integer): Integer;
    function Multiply(A, B: Integer): Integer;
  end;

implementation

{ TBasicCalculator }

function TBasicCalculator.Add(A, B: Integer): Integer;
begin
  Result := A + B;
end;

function TBasicCalculator.Multiply(A, B: Integer): Integer;
begin
  Result := A * B;
end;

var
  Calculator: ICalculator;
begin
  Calculator := TBasicCalculator.Create;
  WriteLn('5 + 3 = ', Calculator.Add(5, 3));
  WriteLn('5 * 3 = ', Calculator.Multiply(5, 3));
end.
